// Vitest Snapshot v1, https://vitest.dev/guide/snapshot.html

exports[`Should render FooterSite 1`] = `
<div>
  <footer
    class="fr-footer"
    id="fr-footer"
    role="contentinfo"
  >
    <div
      class="fr-container"
    >
      <div
        class="fr-footer__body"
      >
        <div
          class="fr-footer__brand fr-enlarge-link"
        >
          <p
            class="fr-logo auto"
          >
            Ministères sociaux
          </p>
          <a
            class="fr-footer__brand-link"
            href="/"
            title="Accueil"
          >
            <img
              alt="Logo Fabrique des ministères sociaux"
              class="fr-footer__logo"
              src="https://avatars.githubusercontent.com/u/35456799?s=400"
              style="max-width: 9.0625rem;"
            />
          </a>
        </div>
        <div
          class="fr-footer__content"
        >
          <p
            class="fr-footer__content-desc"
          >
            Un produit de la fabrique numérique des ministères sociaux, de la communauté beta.gouv.fr
          </p>
          <ul
            class="fr-footer__content-list"
          >
            <li
              class="fr-footer__content-item"
            >
              <a
                class="fr-footer__content-link"
                href="https://legifrance.gouv.fr"
                target="_blank"
                title="legifrance.gouv.fr - ouvre une nouvelle fenêtre"
              >
                legifrance.gouv.fr
              </a>
            </li>
            <li
              class="fr-footer__content-item"
            >
              <a
                class="fr-footer__content-link"
                href="https://gouvernement.fr"
                target="_blank"
                title="gouvernement.fr - ouvre une nouvelle fenêtre"
              >
                gouvernement.fr
              </a>
            </li>
            <li
              class="fr-footer__content-item"
            >
              <a
                class="fr-footer__content-link"
                href="https://service-public.fr"
                target="_blank"
                title="service-public.fr - ouvre une nouvelle fenêtre"
              >
                service-public.fr
              </a>
            </li>
            <li
              class="fr-footer__content-item"
            >
              <a
                class="fr-footer__content-link"
                href="https://data.gouv.fr"
                target="_blank"
                title="data.gouv.fr - ouvre une nouvelle fenêtre"
              >
                data.gouv.fr
              </a>
            </li>
          </ul>
        </div>
      </div>
      <div
        class="fr-footer__bottom"
      >
        <ul
          class="fr-footer__bottom-list"
        >
          <li
            class="fr-footer__bottom-item"
          >
            <span
              class="fr-footer__bottom-link"
            >
              Accessibilité: non conforme
            </span>
          </li>
          <li
            class="fr-footer__bottom-item"
          >
            <button
              aria-controls="fr-theme-modal"
              class="fr-footer__bottom-link fr-icon-theme-fill fr-link--icon-left"
              data-fr-opened="false"
              id="fr-theme-modal-control-button"
            >
              Paramètres d'affichage
            </button>
          </li>
        </ul>
        <div
          class="fr-footer__bottom-copy"
        >
          <p>
            Sauf mention explicite de propriété intellectuelle détenue par des tiers, les contenus de ce site sont proposés sous
             
            <a
              href="https://github.com/etalab/licence-ouverte/blob/master/LO.md"
              target="_blank"
              title="licence etalab-2.0 - ouvre une nouvelle fenêtre"
            >
              licence etalab-2.0
            </a>
          </p>
        </div>
      </div>
    </div>
  </footer>
</div>
`;
