// Jest Snapshot v1, https://goo.gl/fbAQLP

exports[`should compute summary for some URL report 1`] = `
Object {
  "404": 5,
  "apdex": 1,
  "apdexGrade": "A",
  "codescanCount": 0,
  "codescanGrade": "A",
  "cookiesCount": 2,
  "cookiesGrade": "B",
  "declaration-a11y": "F",
  "dependabotCount": 4,
  "dependabotGrade": "D",
  "httpGrade": "A+",
  "testsslExpireDate": "2021-11-30T20:40:00.000Z",
  "testsslExpireSoon": true,
  "testsslGrade": "A+",
  "trackersCount": 0,
  "trackersGrade": "A",
  "uptime": 99.909,
  "uptimeGrade": "A",
}
`;
