// Jest Snapshot v1, https://goo.gl/fbAQLP

exports[`generateUrlReport should allow empty/invalid reports 1`] = `
Object {
  "404": null,
  "betagouv": null,
  "budget_page": null,
  "codescan": Object {
    "report": "codescanalerts.json",
    "totalCount": 42,
  },
  "declaration-a11y": null,
  "declaration-rgpd": null,
  "dependabot": null,
  "github_repository": null,
  "http": null,
  "lhr": null,
  "nmap": null,
  "nuclei": null,
  "screenshot": false,
  "stats": null,
  "summary": Object {
    "codescanCount": 42,
    "codescanGrade": undefined,
    "declaration-a11y": undefined,
    "declaration-rgpd": undefined,
    "seCurrentPhase": undefined,
  },
  "testssl": null,
  "thirdparties": null,
  "trivy": null,
  "updownio": null,
  "url": "https://www.test.com",
  "wappalyzer": Object {
    "report": "wappalyzer.json",
  },
  "zap": null,
}
`;

exports[`generateUrlReport should generate latest report for a valid url 1`] = `
Object {
  "404": Array [
    1,
    2,
    3,
  ],
  "betagouv": null,
  "budget_page": Object {
    "report": "budget_page.json",
  },
  "codescan": Object {
    "report": "codescanalerts.json",
    "totalCount": 42,
  },
  "declaration-a11y": Object {
    "mention": "Accessibilité : partiellement conforme",
  },
  "declaration-rgpd": Array [
    Object {
      "declarationUrl": "https://declaration-ml.test",
      "maxScore": 4,
      "score": 3,
      "slug": "ml",
    },
    Object {
      "declarationUrl": "https://declaration-pc.test",
      "maxScore": 4,
      "score": 3,
      "slug": "pc",
    },
  ],
  "dependabot": Object {
    "report": "dependabotalerts.json",
  },
  "github_repository": Object {
    "report": "github_repository.json",
  },
  "http": Object {
    "report": "http.json",
  },
  "lhr": Object {
    "audits": Object {},
    "categories": Object {},
    "fetchTime": undefined,
    "finalUrl": undefined,
    "requestedUrl": undefined,
    "runWarnings": undefined,
  },
  "nmap": Object {
    "report": "nmap.json",
  },
  "nuclei": Array [
    Object {
      "report": "nuclei.json",
    },
  ],
  "screenshot": false,
  "stats": Object {
    "report": "stats.json",
  },
  "summary": Object {
    "404": 3,
    "codescanCount": 42,
    "codescanGrade": undefined,
    "declaration-a11y": "F",
    "declaration-rgpd-ml": "D",
    "declaration-rgpd-pc": "D",
    "seCurrentPhase": undefined,
  },
  "testssl": Array [
    Object {
      "report": "testssl.json",
    },
  ],
  "thirdparties": Object {
    "report": "thirdparties.json",
  },
  "trivy": null,
  "updownio": Object {
    "report": "updownio.json",
  },
  "url": "https://www.test.com",
  "wappalyzer": Object {
    "report": "wappalyzer.json",
  },
  "zap": Object {
    "report": "zap.json",
    "site": undefined,
  },
}
`;
